output:  8bit_z.s19
0001                         *       Program sign determination
0002                         *
0003                         * In the register B there is an 8-bit number with the correct sign. Determine this
0004                         * with a program so that afterwards wihin register D a 16-bit number with the same
0005                         * Value and sign will be available.
0006                         *
0007                         * Variables
0008                         *
0009 0002                           ORG $0002
0010 0002                    number_8 RMB 1    8-Bit number
0011                         * main
0012                         *
0013 4010                          ORG $4010
0014 4010 d7 02              START STAB number_8  load number_8 in to RAM
0015 4012 78 00 02                 ASL number_8   sign in to N flag
0016 4015 2b 02                    BMI M1         is number. negativ? FF in to accu A
0017 4017 20 04                    BRA M2         otherwise  $00 in to  accu A
0018 4019 86 ff              M1    LDAA #$FF
0019 401b 20 02                    BRA M3
0020 401d 86 00              M2    LDAA #$00
0021 401f 3f                 M3    SWI
0022                               END
